#-----------------------------------------------------------
# Webtalk v2019.1 (64-bit)
# SW Build 2552052 on Fri May 24 14:49:42 MDT 2019
# IP Build 2548770 on Fri May 24 18:01:18 MDT 2019
# Start of session at: Sat Sep 30 18:45:35 2023
# Process ID: 24736
# Current directory: C:/Users/Donato/Desktop/vivado_projects/2_EncoderBCD/2_EncoderBCD.sim/sim_1/behav/xsim
# Command line: wbtcv.exe -mode batch -source C:/Users/Donato/Desktop/vivado_projects/2_EncoderBCD/2_EncoderBCD.sim/sim_1/behav/xsim/xsim.dir/encoderBCD_on_board_tb_behav/webtalk/xsim_webtalk.tcl -notrace
# Log file: C:/Users/Donato/Desktop/vivado_projects/2_EncoderBCD/2_EncoderBCD.sim/sim_1/behav/xsim/webtalk.log
# Journal file: C:/Users/Donato/Desktop/vivado_projects/2_EncoderBCD/2_EncoderBCD.sim/sim_1/behav/xsim\webtalk.jou
#-----------------------------------------------------------
source C:/Users/Donato/Desktop/vivado_projects/2_EncoderBCD/2_EncoderBCD.sim/sim_1/behav/xsim/xsim.dir/encoderBCD_on_board_tb_behav/webtalk/xsim_webtalk.tcl -notrace
