#-----------------------------------------------------------
# Webtalk v2019.1 (64-bit)
# SW Build 2552052 on Fri May 24 14:49:42 MDT 2019
# IP Build 2548770 on Fri May 24 18:01:18 MDT 2019
# Start of session at: Tue Jan 16 12:48:31 2024
# Process ID: 26540
# Current directory: C:/Users/Donato/Desktop/vivado_projects/7_Handshake/7_Handshake.sim/sim_3/behav/xsim
# Command line: wbtcv.exe -mode batch -source C:/Users/Donato/Desktop/vivado_projects/7_Handshake/7_Handshake.sim/sim_3/behav/xsim/xsim.dir/handshake_sys_bdt_tb_behav/webtalk/xsim_webtalk.tcl -notrace
# Log file: C:/Users/Donato/Desktop/vivado_projects/7_Handshake/7_Handshake.sim/sim_3/behav/xsim/webtalk.log
# Journal file: C:/Users/Donato/Desktop/vivado_projects/7_Handshake/7_Handshake.sim/sim_3/behav/xsim\webtalk.jou
#-----------------------------------------------------------
source C:/Users/Donato/Desktop/vivado_projects/7_Handshake/7_Handshake.sim/sim_3/behav/xsim/xsim.dir/handshake_sys_bdt_tb_behav/webtalk/xsim_webtalk.tcl -notrace
